Archive member included to satisfy reference by file (symbol)

/opt/st/stm32cubeide_1.14.1/plugins/com.st.stm32cube.ide.mcu.externaltools.gnu-tools-for-stm32.11.3.rel1.linux64_1.1.100.202309141235/tools/bin/../lib/gcc/arm-none-eabi/11.3.1/../../../../arm-none-eabi/lib/thumb/v7e-m+dp/hard/libc_nano.a(libc_a-exit.o)
                              /opt/st/stm32cubeide_1.14.1/plugins/com.st.stm32cube.ide.mcu.externaltools.gnu-tools-for-stm32.11.3.rel1.linux64_1.1.100.202309141235/tools/bin/../lib/gcc/arm-none-eabi/11.3.1/../../../../arm-none-eabi/lib/thumb/v7e-m+dp/hard/crt0.o (exit)
/opt/st/stm32cubeide_1.14.1/plugins/com.st.stm32cube.ide.mcu.externaltools.gnu-tools-for-stm32.11.3.rel1.linux64_1.1.100.202309141235/tools/bin/../lib/gcc/arm-none-eabi/11.3.1/../../../../arm-none-eabi/lib/thumb/v7e-m+dp/hard/libc_nano.a(libc_a-findfp.o)
                              /opt/st/stm32cubeide_1.14.1/plugins/com.st.stm32cube.ide.mcu.externaltools.gnu-tools-for-stm32.11.3.rel1.linux64_1.1.100.202309141235/tools/bin/../lib/gcc/arm-none-eabi/11.3.1/../../../../arm-none-eabi/lib/thumb/v7e-m+dp/hard/libc_nano.a(libc_a-exit.o) (__stdio_exit_handler)
/opt/st/stm32cubeide_1.14.1/plugins/com.st.stm32cube.ide.mcu.externaltools.gnu-tools-for-stm32.11.3.rel1.linux64_1.1.100.202309141235/tools/bin/../lib/gcc/arm-none-eabi/11.3.1/../../../../arm-none-eabi/lib/thumb/v7e-m+dp/hard/libc_nano.a(libc_a-fwalk.o)
                              /opt/st/stm32cubeide_1.14.1/plugins/com.st.stm32cube.ide.mcu.externaltools.gnu-tools-for-stm32.11.3.rel1.linux64_1.1.100.202309141235/tools/bin/../lib/gcc/arm-none-eabi/11.3.1/../../../../arm-none-eabi/lib/thumb/v7e-m+dp/hard/libc_nano.a(libc_a-findfp.o) (_fwalk_sglue)
/opt/st/stm32cubeide_1.14.1/plugins/com.st.stm32cube.ide.mcu.externaltools.gnu-tools-for-stm32.11.3.rel1.linux64_1.1.100.202309141235/tools/bin/../lib/gcc/arm-none-eabi/11.3.1/../../../../arm-none-eabi/lib/thumb/v7e-m+dp/hard/libc_nano.a(libc_a-stdio.o)
                              /opt/st/stm32cubeide_1.14.1/plugins/com.st.stm32cube.ide.mcu.externaltools.gnu-tools-for-stm32.11.3.rel1.linux64_1.1.100.202309141235/tools/bin/../lib/gcc/arm-none-eabi/11.3.1/../../../../arm-none-eabi/lib/thumb/v7e-m+dp/hard/libc_nano.a(libc_a-findfp.o) (__sread)
/opt/st/stm32cubeide_1.14.1/plugins/com.st.stm32cube.ide.mcu.externaltools.gnu-tools-for-stm32.11.3.rel1.linux64_1.1.100.202309141235/tools/bin/../lib/gcc/arm-none-eabi/11.3.1/../../../../arm-none-eabi/lib/thumb/v7e-m+dp/hard/libc_nano.a(libc_a-memset.o)
                              /opt/st/stm32cubeide_1.14.1/plugins/com.st.stm32cube.ide.mcu.externaltools.gnu-tools-for-stm32.11.3.rel1.linux64_1.1.100.202309141235/tools/bin/../lib/gcc/arm-none-eabi/11.3.1/../../../../arm-none-eabi/lib/thumb/v7e-m+dp/hard/crt0.o (memset)
/opt/st/stm32cubeide_1.14.1/plugins/com.st.stm32cube.ide.mcu.externaltools.gnu-tools-for-stm32.11.3.rel1.linux64_1.1.100.202309141235/tools/bin/../lib/gcc/arm-none-eabi/11.3.1/../../../../arm-none-eabi/lib/thumb/v7e-m+dp/hard/libc_nano.a(libc_a-closer.o)
                              /opt/st/stm32cubeide_1.14.1/plugins/com.st.stm32cube.ide.mcu.externaltools.gnu-tools-for-stm32.11.3.rel1.linux64_1.1.100.202309141235/tools/bin/../lib/gcc/arm-none-eabi/11.3.1/../../../../arm-none-eabi/lib/thumb/v7e-m+dp/hard/libc_nano.a(libc_a-stdio.o) (_close_r)
/opt/st/stm32cubeide_1.14.1/plugins/com.st.stm32cube.ide.mcu.externaltools.gnu-tools-for-stm32.11.3.rel1.linux64_1.1.100.202309141235/tools/bin/../lib/gcc/arm-none-eabi/11.3.1/../../../../arm-none-eabi/lib/thumb/v7e-m+dp/hard/libc_nano.a(libc_a-reent.o)
                              /opt/st/stm32cubeide_1.14.1/plugins/com.st.stm32cube.ide.mcu.externaltools.gnu-tools-for-stm32.11.3.rel1.linux64_1.1.100.202309141235/tools/bin/../lib/gcc/arm-none-eabi/11.3.1/../../../../arm-none-eabi/lib/thumb/v7e-m+dp/hard/libc_nano.a(libc_a-closer.o) (errno)
/opt/st/stm32cubeide_1.14.1/plugins/com.st.stm32cube.ide.mcu.externaltools.gnu-tools-for-stm32.11.3.rel1.linux64_1.1.100.202309141235/tools/bin/../lib/gcc/arm-none-eabi/11.3.1/../../../../arm-none-eabi/lib/thumb/v7e-m+dp/hard/libc_nano.a(libc_a-impure.o)
                              /opt/st/stm32cubeide_1.14.1/plugins/com.st.stm32cube.ide.mcu.externaltools.gnu-tools-for-stm32.11.3.rel1.linux64_1.1.100.202309141235/tools/bin/../lib/gcc/arm-none-eabi/11.3.1/../../../../arm-none-eabi/lib/thumb/v7e-m+dp/hard/libc_nano.a(libc_a-reent.o) (_impure_ptr)
/opt/st/stm32cubeide_1.14.1/plugins/com.st.stm32cube.ide.mcu.externaltools.gnu-tools-for-stm32.11.3.rel1.linux64_1.1.100.202309141235/tools/bin/../lib/gcc/arm-none-eabi/11.3.1/../../../../arm-none-eabi/lib/thumb/v7e-m+dp/hard/libc_nano.a(libc_a-lseekr.o)
                              /opt/st/stm32cubeide_1.14.1/plugins/com.st.stm32cube.ide.mcu.externaltools.gnu-tools-for-stm32.11.3.rel1.linux64_1.1.100.202309141235/tools/bin/../lib/gcc/arm-none-eabi/11.3.1/../../../../arm-none-eabi/lib/thumb/v7e-m+dp/hard/libc_nano.a(libc_a-stdio.o) (_lseek_r)
[...]
Memory Configuration

Name             Origin             Length             Attributes
ITCMRAM          0x0000000000000000 0x0000000000010000 xrw
FLASH            0x0000000008000000 0x0000000000080000 xr
FLASH2           0x0000000008100000 0x0000000000080000 xr
DTCMRAM1         0x0000000020000000 0x0000000000010000 xrw
DTCMRAM2         0x0000000020010000 0x0000000000010000 xrw
RAM              0x0000000024000000 0x0000000000100000 xrw
RAM_CD           0x0000000030000000 0x0000000000020000 xrw
RAM_SRD          0x0000000038000000 0x0000000000008000 xrw
*default*        0x0000000000000000 0xffffffffffffffff

Linker script and memory map

LOAD /opt/st/stm32cubeide_1.14.1/plugins/com.st.stm32cube.ide.mcu.externaltools.gnu-tools-for-stm32.11.3.rel1.linux64_1.1.100.202309141235/tools/bin/../lib/gcc/arm-none-eabi/11.3.1/thumb/v7e-m+dp/hard/crti.o
LOAD /opt/st/stm32cubeide_1.14.1/plugins/com.st.stm32cube.ide.mcu.externaltools.gnu-tools-for-stm32.11.3.rel1.linux64_1.1.100.202309141235/tools/bin/../lib/gcc/arm-none-eabi/11.3.1/thumb/v7e-m+dp/hard/crtbegin.o
LOAD /opt/st/stm32cubeide_1.14.1/plugins/com.st.stm32cube.ide.mcu.externaltools.gnu-tools-for-stm32.11.3.rel1.linux64_1.1.100.202309141235/tools/bin/../lib/gcc/arm-none-eabi/11.3.1/../../../../arm-none-eabi/lib/thumb/v7e-m+dp/hard/crt0.o
LOAD ./Core/Src/main.o
LOAD ./Core/Src/stm32h7xx_hal_msp.o
LOAD ./Core/Src/stm32h7xx_it.o
LOAD ./Core/Src/syscalls.o
LOAD ./Core/Src/sysmem.o
LOAD ./Core/Src/system_stm32h7xx.o
LOAD ./Core/Startup/startup_stm32h7a3vgtx.o
LOAD ./Drivers/STM32H7xx_HAL_Driver/Src/stm32h7xx_hal.o
LOAD ./Drivers/STM32H7xx_HAL_Driver/Src/stm32h7xx_hal_cortex.o
LOAD ./Drivers/STM32H7xx_HAL_Driver/Src/stm32h7xx_hal_dma.o
LOAD ./Drivers/STM32H7xx_HAL_Driver/Src/stm32h7xx_hal_dma_ex.o
LOAD ./Drivers/STM32H7xx_HAL_Driver/Src/stm32h7xx_hal_exti.o
LOAD ./Drivers/STM32H7xx_HAL_Driver/Src/stm32h7xx_hal_flash.o
LOAD ./Drivers/STM32H7xx_HAL_Driver/Src/stm32h7xx_hal_flash_ex.o
LOAD ./Drivers/STM32H7xx_HAL_Driver/Src/stm32h7xx_hal_gpio.o
LOAD ./Drivers/STM32H7xx_HAL_Driver/Src/stm32h7xx_hal_hsem.o
LOAD ./Drivers/STM32H7xx_HAL_Driver/Src/stm32h7xx_hal_i2c.o
LOAD ./Drivers/STM32H7xx_HAL_Driver/Src/stm32h7xx_hal_i2c_ex.o
LOAD ./Drivers/STM32H7xx_HAL_Driver/Src/stm32h7xx_hal_mdma.o
LOAD ./Drivers/STM32H7xx_HAL_Driver/Src/stm32h7xx_hal_pwr.o
LOAD ./Drivers/STM32H7xx_HAL_Driver/Src/stm32h7xx_hal_pwr_ex.o
LOAD ./Drivers/STM32H7xx_HAL_Driver/Src/stm32h7xx_hal_rcc.o
LOAD ./Drivers/STM32H7xx_HAL_Driver/Src/stm32h7xx_hal_rcc_ex.o
LOAD ./Drivers/STM32H7xx_HAL_Driver/Src/stm32h7xx_hal_spi.o
LOAD ./Drivers/STM32H7xx_HAL_Driver/Src/stm32h7xx_hal_spi_ex.o
LOAD ./Drivers/STM32H7xx_HAL_Driver/Src/stm32h7xx_hal_tim.o
LOAD ./Drivers/STM32H7xx_HAL_Driver/Src/stm32h7xx_hal_tim_ex.o
LOAD ./Drivers/STM32H7xx_HAL_Driver/Src/stm32h7xx_hal_uart.o
LOAD ./Drivers/STM32H7xx_HAL_Driver/Src/stm32h7xx_hal_uart_ex.o
START GROUP
LOAD /opt/st/stm32cubeide_1.14.1/plugins/com.st.stm32cube.ide.mcu.externaltools.gnu-tools-for-stm32.11.3.rel1.linux64_1.1.100.202309141235/tools/bin/../lib/gcc/arm-none-eabi/11.3.1/../../../../arm-none-eabi/lib/thumb/v7e-m+dp/hard/libc_nano.a
LOAD /opt/st/stm32cubeide_1.14.1/plugins/com.st.stm32cube.ide.mcu.externaltools.gnu-tools-for-stm32.11.3.rel1.linux64_1.1.100.202309141235/tools/bin/../lib/gcc/arm-none-eabi/11.3.1/../../../../arm-none-eabi/lib/thumb/v7e-m+dp/hard/libm.a
END GROUP
START GROUP
LOAD /opt/st/stm32cubeide_1.14.1/plugins/com.st.stm32cube.ide.mcu.externaltools.gnu-tools-for-stm32.11.3.rel1.linux64_1.1.100.202309141235/tools/bin/../lib/gcc/arm-none-eabi/11.3.1/thumb/v7e-m+dp/hard/libgcc.a
LOAD /opt/st/stm32cubeide_1.14.1/plugins/com.st.stm32cube.ide.mcu.externaltools.gnu-tools-for-stm32.11.3.rel1.linux64_1.1.100.202309141235/tools/bin/../lib/gcc/arm-none-eabi/11.3.1/../../../../arm-none-eabi/lib/thumb/v7e-m+dp/hard/libc_nano.a
END GROUP
START GROUP
LOAD /opt/st/stm32cubeide_1.14.1/plugins/com.st.stm32cube.ide.mcu.externaltools.gnu-tools-for-stm32.11.3.rel1.linux64_1.1.100.202309141235/tools/bin/../lib/gcc/arm-none-eabi/11.3.1/thumb/v7e-m+dp/hard/libgcc.a
LOAD /opt/st/stm32cubeide_1.14.1/plugins/com.st.stm32cube.ide.mcu.externaltools.gnu-tools-for-stm32.11.3.rel1.linux64_1.1.100.202309141235/tools/bin/../lib/gcc/arm-none-eabi/11.3.1/../../../../arm-none-eabi/lib/thumb/v7e-m+dp/hard/libc_nano.a
LOAD /opt/st/stm32cubeide_1.14.1/plugins/com.st.stm32cube.ide.mcu.externaltools.gnu-tools-for-stm32.11.3.rel1.linux64_1.1.100.202309141235/tools/bin/../lib/gcc/arm-none-eabi/11.3.1/../../../../arm-none-eabi/lib/thumb/v7e-m+dp/hard/libnosys.a
END GROUP
START GROUP
LOAD /opt/st/stm32cubeide_1.14.1/plugins/com.st.stm32cube.ide.mcu.externaltools.gnu-tools-for-stm32.11.3.rel1.linux64_1.1.100.202309141235/tools/bin/../lib/gcc/arm-none-eabi/11.3.1/thumb/v7e-m+dp/hard/libgcc.a
LOAD /opt/st/stm32cubeide_1.14.1/plugins/com.st.stm32cube.ide.mcu.externaltools.gnu-tools-for-stm32.11.3.rel1.linux64_1.1.100.202309141235/tools/bin/../lib/gcc/arm-none-eabi/11.3.1/../../../../arm-none-eabi/lib/thumb/v7e-m+dp/hard/libc_nano.a
LOAD /opt/st/stm32cubeide_1.14.1/plugins/com.st.stm32cube.ide.mcu.externaltools.gnu-tools-for-stm32.11.3.rel1.linux64_1.1.100.202309141235/tools/bin/../lib/gcc/arm-none-eabi/11.3.1/../../../../arm-none-eabi/lib/thumb/v7e-m+dp/hard/libnosys.a
END GROUP
LOAD /opt/st/stm32cubeide_1.14.1/plugins/com.st.stm32cube.ide.mcu.externaltools.gnu-tools-for-stm32.11.3.rel1.linux64_1.1.100.202309141235/tools/bin/../lib/gcc/arm-none-eabi/11.3.1/thumb/v7e-m+dp/hard/crtend.o
LOAD /opt/st/stm32cubeide_1.14.1/plugins/com.st.stm32cube.ide.mcu.externaltools.gnu-tools-for-stm32.11.3.rel1.linux64_1.1.100.202309141235/tools/bin/../lib/gcc/arm-none-eabi/11.3.1/thumb/v7e-m+dp/hard/crtn.o
                0x0000000024100000                _estack = (ORIGIN (RAM) + LENGTH (RAM))
                0x0000000000000200                _Min_Heap_Size = 0x200
                0x0000000000000400                _Min_Stack_Size = 0x400

.isr_vector     0x0000000008000000      0x2ac
                0x0000000008000000                . = ALIGN (0x4)
 *(.isr_vector)
 .isr_vector    0x0000000008000000      0x2ac ./Core/Startup/startup_stm32h7a3vgtx.o
                0x0000000008000000                g_pfnVectors
                0x00000000080002ac                . = ALIGN (0x4)

.text           0x00000000080002ac     0x6bdc
                0x00000000080002ac                . = ALIGN (0x4)
 *(.text)
 .text          0x00000000080002ac       0x40 /opt/st/stm32cubeide_1.14.1/plugins/com.st.stm32cube.ide.mcu.externaltools.gnu-tools-for-stm32.11.3.rel1.linux64_1.1.100.202309141235/tools/bin/../lib/gcc/arm-none-eabi/11.3.1/thumb/v7e-m+dp/hard/crtbegin.o
 .text          0x00000000080002ec       0x30 /opt/st/stm32cubeide_1.14.1/plugins/com.st.stm32cube.ide.mcu.externaltools.gnu-tools-for-stm32.11.3.rel1.linux64_1.1.100.202309141235/tools/bin/../lib/gcc/arm-none-eabi/11.3.1/thumb/v7e-m+dp/hard/libgcc.a(_aeabi_uldivmod.o)
                0x00000000080002ec                __aeabi_uldivmod
 .text          0x000000000800031c      0x2c8 /opt/st/stm32cubeide_1.14.1/plugins/com.st.stm32cube.ide.mcu.externaltools.gnu-tools-for-stm32.11.3.rel1.linux64_1.1.100.202309141235/tools/bin/../lib/gcc/arm-none-eabi/11.3.1/thumb/v7e-m+dp/hard/libgcc.a(_udivmoddi4.o)
                0x000000000800031c                __udivmoddi4
 .text          0x00000000080005e4        0x4 /opt/st/stm32cubeide_1.14.1/plugins/com.st.stm32cube.ide.mcu.externaltools.gnu-tools-for-stm32.11.3.rel1.linux64_1.1.100.202309141235/tools/bin/../lib/gcc/arm-none-eabi/11.3.1/thumb/v7e-m+dp/hard/libgcc.a(_dvmd_tls.o)
                0x00000000080005e4                __aeabi_ldiv0
                0x00000000080005e4                __aeabi_idiv0
 *(.text*)
 .text.LL_SPI_Enable
                0x00000000080005e8       0x20 ./Core/Src/main.o
 .text.LL_SPI_StartMasterTransfer
                0x0000000008000608       0x20 ./Core/Src/main.o
 .text.LL_SPI_IsActiveFlag_RXP
                0x0000000008000628       0x26 ./Core/Src/main.o
 .text.LL_SPI_IsActiveFlag_TXP
                0x000000000800064e       0x26 ./Core/Src/main.o
 .text.LL_SPI_ClearFlag_EOT
                0x0000000008000674       0x20 ./Core/Src/main.o
 .text.LL_SPI_ReceiveData8
                0x0000000008000694       0x1c ./Core/Src/main.o
 .text.main     0x00000000080006b0      0x168 ./Core/Src/main.o
                0x00000000080006b0                main
 .text.SystemClock_Config
                0x0000000008000818       0xec ./Core/Src/main.o
                0x0000000008000818                SystemClock_Config
 .text.PeriphCommonClock_Config
                0x0000000008000904       0x5e ./Core/Src/main.o
                0x0000000008000904                PeriphCommonClock_Config
 *fill*         0x0000000008000962        0x2 
 .text.MX_SPI1_Init
                0x0000000008000964       0xb0 ./Core/Src/main.o
 .text.MX_SPI2_Init
                0x0000000008000a14       0xb0 ./Core/Src/main.o
 .text.MX_SPI3_Init
                0x0000000008000ac4       0xb0 ./Core/Src/main.o
 .text.MX_TIM3_Init
                0x0000000008000b74       0xec ./Core/Src/main.o
 .text.MX_UART4_Init
                0x0000000008000c60       0x98 ./Core/Src/main.o
 .text.MX_GPIO_Init
                0x0000000008000cf8      0x194 ./Core/Src/main.o
 .text.SPI_rxtx
                0x0000000008000e8c      0x108 ./Core/Src/main.o
                0x0000000008000e8c                SPI_rxtx
 .text.SPI_ll_init
                0x0000000008000f94       0x28 ./Core/Src/main.o
                0x0000000008000f94                SPI_ll_init
 .text.Error_Handler
                0x0000000008000fbc       0x38 ./Core/Src/main.o
                0x0000000008000fbc                Error_Handler
 .text.HAL_MspInit
                0x0000000008000ff4       0x34 ./Core/Src/stm32h7xx_hal_msp.o
                0x0000000008000ff4                HAL_MspInit
 .text.HAL_SPI_MspInit
                0x0000000008001028      0x1f4 ./Core/Src/stm32h7xx_hal_msp.o
                0x0000000008001028                HAL_SPI_MspInit
 .text.HAL_TIM_Base_MspInit
                0x000000000800121c       0x44 ./Core/Src/stm32h7xx_hal_msp.o
                0x000000000800121c                HAL_TIM_Base_MspInit
 .text.HAL_TIM_MspPostInit
                0x0000000008001260       0x74 ./Core/Src/stm32h7xx_hal_msp.o
                0x0000000008001260                HAL_TIM_MspPostInit
 .text.HAL_UART_MspInit
                0x00000000080012d4       0xd0 ./Core/Src/stm32h7xx_hal_msp.o
                0x00000000080012d4                HAL_UART_MspInit
 .text.NMI_Handler
                0x00000000080013a4        0x6 ./Core/Src/stm32h7xx_it.o
                0x00000000080013a4                NMI_Handler
 .text.HardFault_Handler
                0x00000000080013aa        0x6 ./Core/Src/stm32h7xx_it.o
                0x00000000080013aa                HardFault_Handler
 .text.MemManage_Handler
                0x00000000080013b0        0x6 ./Core/Src/stm32h7xx_it.o
                0x00000000080013b0                MemManage_Handler
 .text.BusFault_Handler
                0x00000000080013b6        0x6 ./Core/Src/stm32h7xx_it.o
                0x00000000080013b6                BusFault_Handler
 .text.UsageFault_Handler
                0x00000000080013bc        0x6 ./Core/Src/stm32h7xx_it.o
                0x00000000080013bc                UsageFault_Handler
 .text.SVC_Handler
                0x00000000080013c2        0xe ./Core/Src/stm32h7xx_it.o
                0x00000000080013c2                SVC_Handler
 .text.DebugMon_Handler
                0x00000000080013d0        0xe ./Core/Src/stm32h7xx_it.o
                0x00000000080013d0                DebugMon_Handler
 .text.PendSV_Handler
                0x00000000080013de        0xe ./Core/Src/stm32h7xx_it.o
                0x00000000080013de                PendSV_Handler
 .text.SysTick_Handler
                0x00000000080013ec        0xc ./Core/Src/stm32h7xx_it.o
                0x00000000080013ec                SysTick_Handler
 .text.SystemInit
                0x00000000080013f8       0xf0 ./Core/Src/system_stm32h7xx.o
                0x00000000080013f8                SystemInit
 .text.Reset_Handler
                0x00000000080014e8       0x50 ./Core/Startup/startup_stm32h7a3vgtx.o
                0x00000000080014e8                Reset_Handler
 .text.Default_Handler
                0x0000000008001538        0x2 ./Core/Startup/startup_stm32h7a3vgtx.o
                0x0000000008001538                RTC_Alarm_IRQHandler
                0x0000000008001538                EXTI2_IRQHandler
                0x0000000008001538                TIM8_CC_IRQHandler
                0x0000000008001538                UART8_IRQHandler
                0x0000000008001538                BDMA2_Channel1_IRQHandler
                0x0000000008001538                SPI4_IRQHandler
                0x0000000008001538                BDMA2_Channel0_IRQHandler
                0x0000000008001538                TIM1_CC_IRQHandler
                0x0000000008001538                DMA2_Stream5_IRQHandler
                0x0000000008001538                JPEG_IRQHandler
                0x0000000008001538                DMA1_Stream5_IRQHandler
                0x0000000008001538                EXTI3_IRQHandler
                0x0000000008001538                LPTIM4_IRQHandler
                0x0000000008001538                TIM8_TRG_COM_TIM14_IRQHandler
                0x0000000008001538                LPTIM2_IRQHandler
                0x0000000008001538                DFSDM1_FLT1_IRQHandler
                0x0000000008001538                DMAMUX2_OVR_IRQHandler
                0x0000000008001538                GFXMMU_IRQHandler
                0x0000000008001538                TIM8_UP_TIM13_IRQHandler
                0x0000000008001538                I2C3_ER_IRQHandler
                0x0000000008001538                DFSDM1_FLT2_IRQHandler
                0x0000000008001538                USART10_IRQHandler
                0x0000000008001538                MDMA_IRQHandler
                0x0000000008001538                LPTIM3_IRQHandler
                0x0000000008001538                BDMA2_Channel3_IRQHandler
                0x0000000008001538                HSEM1_IRQHandler
                0x0000000008001538                EXTI0_IRQHandler
                0x0000000008001538                I2C2_EV_IRQHandler
                0x0000000008001538                DAC2_IRQHandler
                0x0000000008001538                DMA1_Stream2_IRQHandler
                0x0000000008001538                FPU_IRQHandler
                0x0000000008001538                OTG_HS_WKUP_IRQHandler
                0x0000000008001538                FDCAN1_IT1_IRQHandler
                0x0000000008001538                LTDC_ER_IRQHandler
                0x0000000008001538                DMA2_Stream2_IRQHandler
                0x0000000008001538                SPI1_IRQHandler
                0x0000000008001538                OCTOSPI1_IRQHandler
                0x0000000008001538                TIM6_DAC_IRQHandler
                0x0000000008001538                BDMA2_Channel6_IRQHandler
                0x0000000008001538                DMA2_Stream3_IRQHandler
                0x0000000008001538                OCTOSPI2_IRQHandler
                0x0000000008001538                SAI2_IRQHandler
                0x0000000008001538                BDMA1_IRQHandler
                0x0000000008001538                DFSDM1_FLT3_IRQHandler
                0x0000000008001538                USART6_IRQHandler
                0x0000000008001538                TIM17_IRQHandler
                0x0000000008001538                USART3_IRQHandler
                0x0000000008001538                LPTIM5_IRQHandler
                0x0000000008001538                UART5_IRQHandler
                0x0000000008001538                DMA2_Stream0_IRQHandler
                0x0000000008001538                TIM4_IRQHandler
                0x0000000008001538                I2C1_EV_IRQHandler
                0x0000000008001538                DMA1_Stream6_IRQHandler
                0x0000000008001538                DMAMUX1_OVR_IRQHandler
                0x0000000008001538                DMA1_Stream1_IRQHandler
                0x0000000008001538                TIM16_IRQHandler
                0x0000000008001538                UART4_IRQHandler
                0x0000000008001538                TIM3_IRQHandler
                0x0000000008001538                RCC_IRQHandler
                0x0000000008001538                UART9_IRQHandler
                0x0000000008001538                TIM8_BRK_TIM12_IRQHandler
                0x0000000008001538                TIM1_TRG_COM_IRQHandler
                0x0000000008001538                Default_Handler
                0x0000000008001538                ECC_IRQHandler
                0x0000000008001538                BDMA2_Channel2_IRQHandler
                0x0000000008001538                CEC_IRQHandler
                0x0000000008001538                EXTI15_10_IRQHandler
                0x0000000008001538                DFSDM1_FLT4_IRQHandler
                0x0000000008001538                ADC_IRQHandler
                0x0000000008001538                DMA1_Stream7_IRQHandler
                0x0000000008001538                SPI5_IRQHandler
                0x0000000008001538                TIM7_IRQHandler
                0x0000000008001538                SDMMC1_IRQHandler
                0x0000000008001538                TIM5_IRQHandler
                0x0000000008001538                DMA2_Stream7_IRQHandler
                0x0000000008001538                TIM15_IRQHandler
                0x0000000008001538                I2C3_EV_IRQHandler
                0x0000000008001538                DFSDM2_IRQHandler
                0x0000000008001538                EXTI9_5_IRQHandler
                0x0000000008001538                RTC_WKUP_IRQHandler
                0x0000000008001538                LTDC_IRQHandler
                0x0000000008001538                SPDIF_RX_IRQHandler
                0x0000000008001538                PVD_PVM_IRQHandler
                0x0000000008001538                SPI2_IRQHandler
                0x0000000008001538                OTG_HS_EP1_IN_IRQHandler
                0x0000000008001538                DFSDM1_FLT5_IRQHandler
                0x0000000008001538                DMA1_Stream0_IRQHandler
                0x0000000008001538                CRS_IRQHandler
                0x0000000008001538                EXTI4_IRQHandler
                0x0000000008001538                DFSDM1_FLT6_IRQHandler
                0x0000000008001538                RNG_IRQHandler
                0x0000000008001538                FDCAN2_IT1_IRQHandler
                0x0000000008001538                COMP_IRQHandler
                0x0000000008001538                TIM1_UP_IRQHandler
                0x0000000008001538                OTG_HS_EP1_OUT_IRQHandler
                0x0000000008001538                WWDG_IRQHandler
                0x0000000008001538                SPI6_IRQHandler
                0x0000000008001538                MDIOS_IRQHandler
                0x0000000008001538                I2C4_EV_IRQHandler
                0x0000000008001538                FDCAN2_IT0_IRQHandler
                0x0000000008001538                LPUART1_IRQHandler
                0x0000000008001538                FDCAN1_IT0_IRQHandler
                0x0000000008001538                TIM2_IRQHandler
                0x0000000008001538                BDMA2_Channel5_IRQHandler
                0x0000000008001538                OTG_HS_IRQHandler
                0x0000000008001538                DMA2D_IRQHandler
                0x0000000008001538                TIM1_BRK_IRQHandler
                0x0000000008001538                EXTI1_IRQHandler
                0x0000000008001538                SDMMC2_IRQHandler
                0x0000000008001538                DTS_IRQHandler
                0x0000000008001538                UART7_IRQHandler
                0x0000000008001538                MDIOS_WKUP_IRQHandler
                0x0000000008001538                USART2_IRQHandler
                0x0000000008001538                DFSDM1_FLT0_IRQHandler
                0x0000000008001538                I2C2_ER_IRQHandler
                0x0000000008001538                DMA2_Stream1_IRQHandler
                0x0000000008001538                DFSDM1_FLT7_IRQHandler
                0x0000000008001538                FLASH_IRQHandler
                0x0000000008001538                DMA2_Stream4_IRQHandler
                0x0000000008001538                USART1_IRQHandler
                0x0000000008001538                SPI3_IRQHandler
                0x0000000008001538                WAKEUP_PIN_IRQHandler
                0x0000000008001538                DMA1_Stream4_IRQHandler
                0x0000000008001538                I2C1_ER_IRQHandler
                0x0000000008001538                FMC_IRQHandler
                0x0000000008001538                BDMA2_Channel7_IRQHandler
                0x0000000008001538                FDCAN_CAL_IRQHandler
                0x0000000008001538                SWPMI1_IRQHandler
                0x0000000008001538                LPTIM1_IRQHandler
                0x0000000008001538                DCMI_PSSI_IRQHandler
                0x0000000008001538                I2C4_ER_IRQHandler
                0x0000000008001538                DMA2_Stream6_IRQHandler
                0x0000000008001538                SAI1_IRQHandler
                0x0000000008001538                DMA1_Stream3_IRQHandler
                0x0000000008001538                RTC_TAMP_STAMP_CSS_LSE_IRQHandler
                0x0000000008001538                BDMA2_Channel4_IRQHandler
 *fill*         0x000000000800153a        0x2 
 .text.HAL_Init
                0x000000000800153c       0x78 ./Drivers/STM32H7xx_HAL_Driver/Src/stm32h7xx_hal.o
                0x000000000800153c                HAL_Init
 .text.HAL_InitTick
                0x00000000080015b4       0x6c ./Drivers/STM32H7xx_HAL_Driver/Src/stm32h7xx_hal.o
                0x00000000080015b4                HAL_InitTick
 .text.HAL_IncTick
                0x0000000008001620       0x28 ./Drivers/STM32H7xx_HAL_Driver/Src/stm32h7xx_hal.o
                0x0000000008001620                HAL_IncTick
 .text.HAL_GetTick
                0x0000000008001648       0x18 ./Drivers/STM32H7xx_HAL_Driver/Src/stm32h7xx_hal.o
                0x0000000008001648                HAL_GetTick
 .text.HAL_Delay
                0x0000000008001660       0x48 ./Drivers/STM32H7xx_HAL_Driver/Src/stm32h7xx_hal.o
                0x0000000008001660                HAL_Delay
 .text.__NVIC_SetPriorityGrouping
                0x00000000080016a8       0x48 ./Drivers/STM32H7xx_HAL_Driver/Src/stm32h7xx_hal_cortex.o
 .text.__NVIC_GetPriorityGrouping
                0x00000000080016f0       0x1c ./Drivers/STM32H7xx_HAL_Driver/Src/stm32h7xx_hal_cortex.o
 .text.__NVIC_SetPriority
                0x000000000800170c       0x54 ./Drivers/STM32H7xx_HAL_Driver/Src/stm32h7xx_hal_cortex.o
 .text.NVIC_EncodePriority
                0x0000000008001760       0x66 ./Drivers/STM32H7xx_HAL_Driver/Src/stm32h7xx_hal_cortex.o
 *fill*         0x00000000080017c6        0x2 
 .text.SysTick_Config
                0x00000000080017c8       0x44 ./Drivers/STM32H7xx_HAL_Driver/Src/stm32h7xx_hal_cortex.o
 .text.HAL_NVIC_SetPriorityGrouping
                0x000000000800180c       0x16 ./Drivers/STM32H7xx_HAL_Driver/Src/stm32h7xx_hal_cortex.o
                0x000000000800180c                HAL_NVIC_SetPriorityGrouping
 .text.HAL_NVIC_SetPriority
                0x0000000008001822       0x34 ./Drivers/STM32H7xx_HAL_Driver/Src/stm32h7xx_hal_cortex.o
                0x0000000008001822                HAL_NVIC_SetPriority
 .text.HAL_SYSTICK_Config
                0x0000000008001856       0x18 ./Drivers/STM32H7xx_HAL_Driver/Src/stm32h7xx_hal_cortex.o
                0x0000000008001856                HAL_SYSTICK_Config
 *fill*         0x000000000800186e        0x2 
 .text.HAL_GPIO_Init
                0x0000000008001870      0x360 ./Drivers/STM32H7xx_HAL_Driver/Src/stm32h7xx_hal_gpio.o
                0x0000000008001870                HAL_GPIO_Init
 .text.HAL_GPIO_ReadPin
                0x0000000008001bd0       0x30 ./Drivers/STM32H7xx_HAL_Driver/Src/stm32h7xx_hal_gpio.o
                0x0000000008001bd0                HAL_GPIO_ReadPin
 .text.HAL_GPIO_WritePin
                0x0000000008001c00       0x32 ./Drivers/STM32H7xx_HAL_Driver/Src/stm32h7xx_hal_gpio.o
                0x0000000008001c00                HAL_GPIO_WritePin
 *fill*         0x0000000008001c32        0x2 
 .text.HAL_PWREx_ConfigSupply
                0x0000000008001c34       0x74 ./Drivers/STM32H7xx_HAL_Driver/Src/stm32h7xx_hal_pwr_ex.o
                0x0000000008001c34                HAL_PWREx_ConfigSupply
 .text.HAL_RCC_OscConfig
                0x0000000008001ca8      0x864 ./Drivers/STM32H7xx_HAL_Driver/Src/stm32h7xx_hal_rcc.o
                0x0000000008001ca8                HAL_RCC_OscConfig
 .text.HAL_RCC_ClockConfig
                0x000000000800250c      0x36c ./Drivers/STM32H7xx_HAL_Driver/Src/stm32h7xx_hal_rcc.o
                0x000000000800250c                HAL_RCC_ClockConfig
 .text.HAL_RCC_GetSysClockFreq
                0x0000000008002878      0x2f4 ./Drivers/STM32H7xx_HAL_Driver/Src/stm32h7xx_hal_rcc.o
                0x0000000008002878                HAL_RCC_GetSysClockFreq
 .text.HAL_RCC_GetHCLKFreq
                0x0000000008002b6c       0x60 ./Drivers/STM32H7xx_HAL_Driver/Src/stm32h7xx_hal_rcc.o
                0x0000000008002b6c                HAL_RCC_GetHCLKFreq
 .text.HAL_RCC_GetPCLK1Freq
                0x0000000008002bcc       0x2c ./Drivers/STM32H7xx_HAL_Driver/Src/stm32h7xx_hal_rcc.o
                0x0000000008002bcc                HAL_RCC_GetPCLK1Freq
 .text.HAL_RCC_GetPCLK2Freq
                0x0000000008002bf8       0x2c ./Drivers/STM32H7xx_HAL_Driver/Src/stm32h7xx_hal_rcc.o
                0x0000000008002bf8                HAL_RCC_GetPCLK2Freq
 .text.HAL_RCCEx_PeriphCLKConfig
                0x0000000008002c24     0x137c ./Drivers/STM32H7xx_HAL_Driver/Src/stm32h7xx_hal_rcc_ex.o
                0x0000000008002c24                HAL_RCCEx_PeriphCLKConfig
 .text.HAL_RCCEx_GetD3PCLK1Freq
                0x0000000008003fa0       0x2c ./Drivers/STM32H7xx_HAL_Driver/Src/stm32h7xx_hal_rcc_ex.o
                0x0000000008003fa0                HAL_RCCEx_GetD3PCLK1Freq
 .text.HAL_RCCEx_GetPLL2ClockFreq
                0x0000000008003fcc      0x2a8 ./Drivers/STM32H7xx_HAL_Driver/Src/stm32h7xx_hal_rcc_ex.o
                0x0000000008003fcc                HAL_RCCEx_GetPLL2ClockFreq
 .text.HAL_RCCEx_GetPLL3ClockFreq
                0x0000000008004274      0x2a8 ./Drivers/STM32H7xx_HAL_Driver/Src/stm32h7xx_hal_rcc_ex.o
                0x0000000008004274                HAL_RCCEx_GetPLL3ClockFreq
 .text.RCCEx_PLL2_Config
                0x000000000800451c      0x164 ./Drivers/STM32H7xx_HAL_Driver/Src/stm32h7xx_hal_rcc_ex.o
 .text.RCCEx_PLL3_Config
                0x0000000008004680      0x164 ./Drivers/STM32H7xx_HAL_Driver/Src/stm32h7xx_hal_rcc_ex.o
 .text.HAL_SPI_Init
                0x00000000080047e4      0x248 ./Drivers/STM32H7xx_HAL_Driver/Src/stm32h7xx_hal_spi.o
                0x00000000080047e4                HAL_SPI_Init
 .text.SPI_GetPacketSize
                0x0000000008004a2c       0x36 ./Drivers/STM32H7xx_HAL_Driver/Src/stm32h7xx_hal_spi.o
 .text.HAL_TIM_Base_Init
                0x0000000008004a62       0xae ./Drivers/STM32H7xx_HAL_Driver/Src/stm32h7xx_hal_tim.o
                0x0000000008004a62                HAL_TIM_Base_Init
 .text.HAL_TIM_PWM_Init
                0x0000000008004b10       0xae ./Drivers/STM32H7xx_HAL_Driver/Src/stm32h7xx_hal_tim.o
                0x0000000008004b10                HAL_TIM_PWM_Init
 .text.HAL_TIM_PWM_MspInit
                0x0000000008004bbe       0x14 ./Drivers/STM32H7xx_HAL_Driver/Src/stm32h7xx_hal_tim.o
                0x0000000008004bbe                HAL_TIM_PWM_MspInit
 *fill*         0x0000000008004bd2        0x2 
 .text.HAL_TIM_PWM_ConfigChannel
                0x0000000008004bd4      0x228 ./Drivers/STM32H7xx_HAL_Driver/Src/stm32h7xx_hal_tim.o
                0x0000000008004bd4                HAL_TIM_PWM_ConfigChannel
 .text.HAL_TIM_ConfigClockSource
                0x0000000008004dfc      0x1f0 ./Drivers/STM32H7xx_HAL_Driver/Src/stm32h7xx_hal_tim.o
                0x0000000008004dfc                HAL_TIM_ConfigClockSource
 .text.TIM_Base_SetConfig
                0x0000000008004fec      0x14c ./Drivers/STM32H7xx_HAL_Driver/Src/stm32h7xx_hal_tim.o
                0x0000000008004fec                TIM_Base_SetConfig
 .text.TIM_OC1_SetConfig
                0x0000000008005138      0x120 ./Drivers/STM32H7xx_HAL_Driver/Src/stm32h7xx_hal_tim.o
 .text.TIM_OC2_SetConfig
                0x0000000008005258      0x114 ./Drivers/STM32H7xx_HAL_Driver/Src/stm32h7xx_hal_tim.o
                0x0000000008005258                TIM_OC2_SetConfig
 .text.TIM_OC3_SetConfig
                0x000000000800536c      0x110 ./Drivers/STM32H7xx_HAL_Driver/Src/stm32h7xx_hal_tim.o
 .text.TIM_OC4_SetConfig
                0x000000000800547c       0xd4 ./Drivers/STM32H7xx_HAL_Driver/Src/stm32h7xx_hal_tim.o
 .text.TIM_OC5_SetConfig
                0x0000000008005550       0xc8 ./Drivers/STM32H7xx_HAL_Driver/Src/stm32h7xx_hal_tim.o
 .text.TIM_OC6_SetConfig
                0x0000000008005618       0xcc ./Drivers/STM32H7xx_HAL_Driver/Src/stm32h7xx_hal_tim.o
 .text.TIM_TI1_ConfigInputStage
                0x00000000080056e4       0x5e ./Drivers/STM32H7xx_HAL_Driver/Src/stm32h7xx_hal_tim.o
 .text.TIM_TI2_ConfigInputStage
                0x0000000008005742       0x60 ./Drivers/STM32H7xx_HAL_Driver/Src/stm32h7xx_hal_tim.o
 *fill*         0x00000000080057a2        0x2 
 .text.TIM_ITRx_SetConfig
                0x00000000080057a4       0x3c ./Drivers/STM32H7xx_HAL_Driver/Src/stm32h7xx_hal_tim.o
 .text.TIM_ETR_SetConfig
                0x00000000080057e0       0x40 ./Drivers/STM32H7xx_HAL_Driver/Src/stm32h7xx_hal_tim.o
                0x00000000080057e0                TIM_ETR_SetConfig
 .text.HAL_TIMEx_MasterConfigSynchronization
                0x0000000008005820      0x11c ./Drivers/STM32H7xx_HAL_Driver/Src/stm32h7xx_hal_tim_ex.o
                0x0000000008005820                HAL_TIMEx_MasterConfigSynchronization
 .text.HAL_UART_Init
                0x000000000800593c       0xa0 ./Drivers/STM32H7xx_HAL_Driver/Src/stm32h7xx_hal_uart.o
                0x000000000800593c                HAL_UART_Init
 .text.HAL_UART_Transmit
                0x00000000080059dc      0x11c ./Drivers/STM32H7xx_HAL_Driver/Src/stm32h7xx_hal_uart.o
                0x00000000080059dc                HAL_UART_Transmit
 .text.UART_SetConfig
                0x0000000008005af8      0xcd8 ./Drivers/STM32H7xx_HAL_Driver/Src/stm32h7xx_hal_uart.o
                0x0000000008005af8                UART_SetConfig
 .text.UART_AdvFeatureConfig
                0x00000000080067d0      0x144 ./Drivers/STM32H7xx_HAL_Driver/Src/stm32h7xx_hal_uart.o
                0x00000000080067d0                UART_AdvFeatureConfig
 .text.UART_CheckIdleState
                0x0000000008006914      0x154 ./Drivers/STM32H7xx_HAL_Driver/Src/stm32h7xx_hal_uart.o
                0x0000000008006914                UART_CheckIdleState
 .text.UART_WaitOnFlagUntilTimeout
                0x0000000008006a68       0xda ./Drivers/STM32H7xx_HAL_Driver/Src/stm32h7xx_hal_uart.o
                0x0000000008006a68                UART_WaitOnFlagUntilTimeout
 *fill*         0x0000000008006b42        0x2 
 .text.UART_EndRxTransfer
                0x0000000008006b44       0xcc ./Drivers/STM32H7xx_HAL_Driver/Src/stm32h7xx_hal_uart.o
 .text.HAL_UARTEx_DisableFifoMode
                0x0000000008006c10       0x72 ./Drivers/STM32H7xx_HAL_Driver/Src/stm32h7xx_hal_uart_ex.o
                0x0000000008006c10                HAL_UARTEx_DisableFifoMode
 .text.HAL_UARTEx_SetTxFifoThreshold
                0x0000000008006c82       0x7c ./Drivers/STM32H7xx_HAL_Driver/Src/stm32h7xx_hal_uart_ex.o
                0x0000000008006c82                HAL_UARTEx_SetTxFifoThreshold
 .text.HAL_UARTEx_SetRxFifoThreshold
                0x0000000008006cfe       0x7c ./Drivers/STM32H7xx_HAL_Driver/Src/stm32h7xx_hal_uart_ex.o
                0x0000000008006cfe                HAL_UARTEx_SetRxFifoThreshold
 *fill*         0x0000000008006d7a        0x2 
 .text.UARTEx_SetNbDataToProcess
                0x0000000008006d7c       0x9c ./Drivers/STM32H7xx_HAL_Driver/Src/stm32h7xx_hal_uart_ex.o
 .text.memset   0x0000000008006e18       0x10 /opt/st/stm32cubeide_1.14.1/plugins/com.st.stm32cube.ide.mcu.externaltools.gnu-tools-for-stm32.11.3.rel1.linux64_1.1.100.202309141235/tools/bin/../lib/gcc/arm-none-eabi/11.3.1/../../../../arm-none-eabi/lib/thumb/v7e-m+dp/hard/libc_nano.a(libc_a-memset.o)
                0x0000000008006e18                memset
 .text.__libc_init_array
                0x0000000008006e28       0x48 /opt/st/stm32cubeide_1.14.1/plugins/com.st.stm32cube.ide.mcu.externaltools.gnu-tools-for-stm32.11.3.rel1.linux64_1.1.100.202309141235/tools/bin/../lib/gcc/arm-none-eabi/11.3.1/../../../../arm-none-eabi/lib/thumb/v7e-m+dp/hard/libc_nano.a(libc_a-init.o)
                0x0000000008006e28                __libc_init_array
 *(.glue_7)
 .glue_7        0x0000000008006e70        0x0 linker stubs
 *(.glue_7t)
 .glue_7t       0x0000000008006e70        0x0 linker stubs
 *(.eh_frame)
 .eh_frame      0x0000000008006e70        0x0 /opt/st/stm32cubeide_1.14.1/plugins/com.st.stm32cube.ide.mcu.externaltools.gnu-tools-for-stm32.11.3.rel1.linux64_1.1.100.202309141235/tools/bin/../lib/gcc/arm-none-eabi/11.3.1/thumb/v7e-m+dp/hard/crtbegin.o
 *(.init)
 .init          0x0000000008006e70        0x4 /opt/st/stm32cubeide_1.14.1/plugins/com.st.stm32cube.ide.mcu.externaltools.gnu-tools-for-stm32.11.3.rel1.linux64_1.1.100.202309141235/tools/bin/../lib/gcc/arm-none-eabi/11.3.1/thumb/v7e-m+dp/hard/crti.o
                0x0000000008006e70                _init
 .init          0x0000000008006e74        0x8 /opt/st/stm32cubeide_1.14.1/plugins/com.st.stm32cube.ide.mcu.externaltools.gnu-tools-for-stm32.11.3.rel1.linux64_1.1.100.202309141235/tools/bin/../lib/gcc/arm-none-eabi/11.3.1/thumb/v7e-m+dp/hard/crtn.o
 *(.fini)
 .fini          0x0000000008006e7c        0x4 /opt/st/stm32cubeide_1.14.1/plugins/com.st.stm32cube.ide.mcu.externaltools.gnu-tools-for-stm32.11.3.rel1.linux64_1.1.100.202309141235/tools/bin/../lib/gcc/arm-none-eabi/11.3.1/thumb/v7e-m+dp/hard/crti.o
                0x0000000008006e7c                _fini
 .fini          0x0000000008006e80        0x8 /opt/st/stm32cubeide_1.14.1/plugins/com.st.stm32cube.ide.mcu.externaltools.gnu-tools-for-stm32.11.3.rel1.linux64_1.1.100.202309141235/tools/bin/../lib/gcc/arm-none-eabi/11.3.1/thumb/v7e-m+dp/hard/crtn.o
                0x0000000008006e88                . = ALIGN (0x4)
                0x0000000008006e88                _etext = .

.vfp11_veneer   0x0000000008006e88        0x0
 .vfp11_veneer  0x0000000008006e88        0x0 linker stubs

.v4_bx          0x0000000008006e88        0x0
 .v4_bx         0x0000000008006e88        0x0 linker stubs

.iplt           0x0000000008006e88        0x0
 .iplt          0x0000000008006e88        0x0 /opt/st/stm32cubeide_1.14.1/plugins/com.st.stm32cube.ide.mcu.externaltools.gnu-tools-for-stm32.11.3.rel1.linux64_1.1.100.202309141235/tools/bin/../lib/gcc/arm-none-eabi/11.3.1/thumb/v7e-m+dp/hard/crtbegin.o

.rodata         0x0000000008006e88       0x4c
                0x0000000008006e88                . = ALIGN (0x4)
 *(.rodata)
 .rodata        0x0000000008006e88       0x12 ./Core/Src/main.o
 *(.rodata*)
 *fill*         0x0000000008006e9a        0x2 
 .rodata.D1CorePrescTable
                0x0000000008006e9c       0x10 ./Core/Src/system_stm32h7xx.o
                0x0000000008006e9c                D1CorePrescTable
 .rodata.UARTPrescTable
                0x0000000008006eac       0x18 ./Drivers/STM32H7xx_HAL_Driver/Src/stm32h7xx_hal_uart.o
                0x0000000008006eac                UARTPrescTable
 .rodata.numerator.1
                0x0000000008006ec4        0x8 ./Drivers/STM32H7xx_HAL_Driver/Src/stm32h7xx_hal_uart_ex.o
 .rodata.denominator.0
                0x0000000008006ecc        0x8 ./Drivers/STM32H7xx_HAL_Driver/Src/stm32h7xx_hal_uart_ex.o
                0x0000000008006ed4                . = ALIGN (0x4)

.ARM.extab
 *(.ARM.extab* .gnu.linkonce.armextab.*)

.ARM            0x0000000008006ed4        0x8
                0x0000000008006ed4                __exidx_start = .
 *(.ARM.exidx*)
 .ARM.exidx     0x0000000008006ed4        0x8 /opt/st/stm32cubeide_1.14.1/plugins/com.st.stm32cube.ide.mcu.externaltools.gnu-tools-for-stm32.11.3.rel1.linux64_1.1.100.202309141235/tools/bin/../lib/gcc/arm-none-eabi/11.3.1/thumb/v7e-m+dp/hard/libgcc.a(_udivmoddi4.o)
                0x0000000008006edc                __exidx_end = .

.rel.dyn        0x0000000008006edc        0x0
 .rel.iplt      0x0000000008006edc        0x0 /opt/st/stm32cubeide_1.14.1/plugins/com.st.stm32cube.ide.mcu.externaltools.gnu-tools-for-stm32.11.3.rel1.linux64_1.1.100.202309141235/tools/bin/../lib/gcc/arm-none-eabi/11.3.1/thumb/v7e-m+dp/hard/crtbegin.o

.preinit_array  0x0000000008006edc        0x0
                0x0000000008006edc                PROVIDE (__preinit_array_start = .)
 *(.preinit_array*)
                0x0000000008006edc                PROVIDE (__preinit_array_end = .)

.init_array     0x0000000008006edc        0x4
                0x0000000008006edc                PROVIDE (__init_array_start = .)
 *(SORT_BY_NAME(.init_array.*))
 *(.init_array*)
 .init_array    0x0000000008006edc        0x4 /opt/st/stm32cubeide_1.14.1/plugins/com.st.stm32cube.ide.mcu.externaltools.gnu-tools-for-stm32.11.3.rel1.linux64_1.1.100.202309141235/tools/bin/../lib/gcc/arm-none-eabi/11.3.1/thumb/v7e-m+dp/hard/crtbegin.o
                0x0000000008006ee0                PROVIDE (__init_array_end = .)

.fini_array     0x0000000008006ee0        0x4
                [!provide]                        PROVIDE (__fini_array_start = .)
 *(SORT_BY_NAME(.fini_array.*))
 *(.fini_array*)
 .fini_array    0x0000000008006ee0        0x4 /opt/st/stm32cubeide_1.14.1/plugins/com.st.stm32cube.ide.mcu.externaltools.gnu-tools-for-stm32.11.3.rel1.linux64_1.1.100.202309141235/tools/bin/../lib/gcc/arm-none-eabi/11.3.1/thumb/v7e-m+dp/hard/crtbegin.o
                [!provide]                        PROVIDE (__fini_array_end = .)
                0x0000000008006ee4                _sidata = LOADADDR (.data)

.data           0x0000000024000000       0x10 load address 0x0000000008006ee4
                0x0000000024000000                . = ALIGN (0x4)
                0x0000000024000000                _sdata = .
 *(.data)
 *(.data*)
 .data.SystemCoreClock
                0x0000000024000000        0x4 ./Core/Src/system_stm32h7xx.o
                0x0000000024000000                SystemCoreClock
 .data.SystemD2Clock
                0x0000000024000004        0x4 ./Core/Src/system_stm32h7xx.o
                0x0000000024000004                SystemD2Clock
 .data.uwTickPrio
                0x0000000024000008        0x4 ./Drivers/STM32H7xx_HAL_Driver/Src/stm32h7xx_hal.o
                0x0000000024000008                uwTickPrio
 .data.uwTickFreq
                0x000000002400000c        0x1 ./Drivers/STM32H7xx_HAL_Driver/Src/stm32h7xx_hal.o
                0x000000002400000c                uwTickFreq
 *(.RamFunc)
 *(.RamFunc*)
                0x0000000024000010                . = ALIGN (0x4)
 *fill*         0x000000002400000d        0x3 
                0x0000000024000010                _edata = .

.igot.plt       0x0000000024000010        0x0 load address 0x0000000008006ef4
 .igot.plt      0x0000000024000010        0x0 /opt/st/stm32cubeide_1.14.1/plugins/com.st.stm32cube.ide.mcu.externaltools.gnu-tools-for-stm32.11.3.rel1.linux64_1.1.100.202309141235/tools/bin/../lib/gcc/arm-none-eabi/11.3.1/thumb/v7e-m+dp/hard/crtbegin.o
                0x0000000024000010                . = ALIGN (0x4)

.bss            0x0000000024000010      0x2a8 load address 0x0000000008006ef4
                0x0000000024000010                _sbss = .
                0x0000000024000010                __bss_start__ = _sbss
 *(.bss)
 .bss           0x0000000024000010       0x1c /opt/st/stm32cubeide_1.14.1/plugins/com.st.stm32cube.ide.mcu.externaltools.gnu-tools-for-stm32.11.3.rel1.linux64_1.1.100.202309141235/tools/bin/../lib/gcc/arm-none-eabi/11.3.1/thumb/v7e-m+dp/hard/crtbegin.o
 *(.bss*)
 .bss.hspi1     0x000000002400002c       0x88 ./Core/Src/main.o
                0x000000002400002c                hspi1
 .bss.hspi2     0x00000000240000b4       0x88 ./Core/Src/main.o
                0x00000000240000b4                hspi2
 .bss.hspi3     0x000000002400013c       0x88 ./Core/Src/main.o
                0x000000002400013c                hspi3
 .bss.htim3     0x00000000240001c4       0x4c ./Core/Src/main.o
                0x00000000240001c4                htim3
 .bss.huart4    0x0000000024000210       0x94 ./Core/Src/main.o
                0x0000000024000210                huart4
 .bss.tx_data   0x00000000240002a4        0x4 ./Core/Src/main.o
                0x00000000240002a4                tx_data
 .bss.rx_data   0x00000000240002a8        0x9 ./Core/Src/main.o
                0x00000000240002a8                rx_data
 *fill*         0x00000000240002b1        0x3 
 .bss.uwTick    0x00000000240002b4        0x4 ./Drivers/STM32H7xx_HAL_Driver/Src/stm32h7xx_hal.o
                0x00000000240002b4                uwTick
 *(COMMON)
                0x00000000240002b8                . = ALIGN (0x4)
                0x00000000240002b8                _ebss = .
                0x00000000240002b8                __bss_end__ = _ebss

._user_heap_stack
                0x00000000240002b8      0x600 load address 0x0000000008006ef4
                0x00000000240002b8                . = ALIGN (0x8)
                [!provide]                        PROVIDE (end = .)
                0x00000000240002b8                PROVIDE (_end = .)
                0x00000000240004b8                . = (. + _Min_Heap_Size)
 *fill*         0x00000000240002b8      0x200 
                0x00000000240008b8                . = (. + _Min_Stack_Size)
 *fill*         0x00000000240004b8      0x400 
                0x00000000240008b8                . = ALIGN (0x8)

/DISCARD/
 libc.a(*)
 libm.a(*)
 libgcc.a(*)

.ARM.attributes
                0x0000000000000000       0x2e
 *(.ARM.attributes)
 .ARM.attributes
                0x0000000000000000       0x1e /opt/st/stm32cubeide_1.14.1/plugins/com.st.stm32cube.ide.mcu.externaltools.gnu-tools-for-stm32.11.3.rel1.linux64_1.1.100.202309141235/tools/bin/../lib/gcc/arm-none-eabi/11.3.1/thumb/v7e-m+dp/hard/crti.o
 .ARM.attributes
                0x000000000000001e       0x32 /opt/st/stm32cubeide_1.14.1/plugins/com.st.stm32cube.ide.mcu.externaltools.gnu-tools-for-stm32.11.3.rel1.linux64_1.1.100.202309141235/tools/bin/../lib/gcc/arm-none-eabi/11.3.1/thumb/v7e-m+dp/hard/crtbegin.o
 .ARM.attributes
                0x0000000000000050       0x32 ./Core/Src/main.o
 .ARM.attributes
                0x0000000000000082       0x32 ./Core/Src/stm32h7xx_hal_msp.o
 .ARM.attributes
                0x00000000000000b4       0x32 ./Core/Src/stm32h7xx_it.o
 .ARM.attributes
                0x00000000000000e6       0x32 ./Core/Src/system_stm32h7xx.o
 .ARM.attributes
                0x0000000000000118       0x21 ./Core/Startup/startup_stm32h7a3vgtx.o
 .ARM.attributes
                0x0000000000000139       0x32 ./Drivers/STM32H7xx_HAL_Driver/Src/stm32h7xx_hal.o
 .ARM.attributes
                0x000000000000016b       0x32 ./Drivers/STM32H7xx_HAL_Driver/Src/stm32h7xx_hal_cortex.o
 .ARM.attributes
                0x000000000000019d       0x32 ./Drivers/STM32H7xx_HAL_Driver/Src/stm32h7xx_hal_gpio.o
 .ARM.attributes
                0x00000000000001cf       0x32 ./Drivers/STM32H7xx_HAL_Driver/Src/stm32h7xx_hal_pwr_ex.o
 .ARM.attributes
                0x0000000000000201       0x32 ./Drivers/STM32H7xx_HAL_Driver/Src/stm32h7xx_hal_rcc.o
 .ARM.attributes
                0x0000000000000233       0x32 ./Drivers/STM32H7xx_HAL_Driver/Src/stm32h7xx_hal_rcc_ex.o
 .ARM.attributes
                0x0000000000000265       0x32 ./Drivers/STM32H7xx_HAL_Driver/Src/stm32h7xx_hal_spi.o
 .ARM.attributes
                0x0000000000000297       0x32 ./Drivers/STM32H7xx_HAL_Driver/Src/stm32h7xx_hal_tim.o
 .ARM.attributes
                0x00000000000002c9       0x32 ./Drivers/STM32H7xx_HAL_Driver/Src/stm32h7xx_hal_tim_ex.o
 .ARM.attributes
                0x00000000000002fb       0x32 ./Drivers/STM32H7xx_HAL_Driver/Src/stm32h7xx_hal_uart.o
 .ARM.attributes
                0x000000000000032d       0x32 ./Drivers/STM32H7xx_HAL_Driver/Src/stm32h7xx_hal_uart_ex.o
 .ARM.attributes
                0x000000000000035f       0x32 /opt/st/stm32cubeide_1.14.1/plugins/com.st.stm32cube.ide.mcu.externaltools.gnu-tools-for-stm32.11.3.rel1.linux64_1.1.100.202309141235/tools/bin/../lib/gcc/arm-none-eabi/11.3.1/../../../../arm-none-eabi/lib/thumb/v7e-m+dp/hard/libc_nano.a(libc_a-memset.o)
 .ARM.attributes
                0x0000000000000391       0x32 /opt/st/stm32cubeide_1.14.1/plugins/com.st.stm32cube.ide.mcu.externaltools.gnu-tools-for-stm32.11.3.rel1.linux64_1.1.100.202309141235/tools/bin/../lib/gcc/arm-none-eabi/11.3.1/../../../../arm-none-eabi/lib/thumb/v7e-m+dp/hard/libc_nano.a(libc_a-init.o)
 .ARM.attributes
                0x00000000000003c3       0x1e /opt/st/stm32cubeide_1.14.1/plugins/com.st.stm32cube.ide.mcu.externaltools.gnu-tools-for-stm32.11.3.rel1.linux64_1.1.100.202309141235/tools/bin/../lib/gcc/arm-none-eabi/11.3.1/thumb/v7e-m+dp/hard/libgcc.a(_aeabi_uldivmod.o)
 .ARM.attributes
                0x00000000000003e1       0x32 /opt/st/stm32cubeide_1.14.1/plugins/com.st.stm32cube.ide.mcu.externaltools.gnu-tools-for-stm32.11.3.rel1.linux64_1.1.100.202309141235/tools/bin/../lib/gcc/arm-none-eabi/11.3.1/thumb/v7e-m+dp/hard/libgcc.a(_udivmoddi4.o)
 .ARM.attributes
                0x0000000000000413       0x1e /opt/st/stm32cubeide_1.14.1/plugins/com.st.stm32cube.ide.mcu.externaltools.gnu-tools-for-stm32.11.3.rel1.linux64_1.1.100.202309141235/tools/bin/../lib/gcc/arm-none-eabi/11.3.1/thumb/v7e-m+dp/hard/libgcc.a(_dvmd_tls.o)
 .ARM.attributes
                0x0000000000000431       0x1e /opt/st/stm32cubeide_1.14.1/plugins/com.st.stm32cube.ide.mcu.externaltools.gnu-tools-for-stm32.11.3.rel1.linux64_1.1.100.202309141235/tools/bin/../lib/gcc/arm-none-eabi/11.3.1/thumb/v7e-m+dp/hard/crtn.o
OUTPUT(AD7768.elf elf32-littlearm)
LOAD linker stubs
LOAD /opt/st/stm32cubeide_1.14.1/plugins/com.st.stm32cube.ide.mcu.externaltools.gnu-tools-for-stm32.11.3.rel1.linux64_1.1.100.202309141235/tools/bin/../lib/gcc/arm-none-eabi/11.3.1/../../../../arm-none-eabi/lib/thumb/v7e-m+dp/hard/libc.a
LOAD /opt/st/stm32cubeide_1.14.1/plugins/com.st.stm32cube.ide.mcu.externaltools.gnu-tools-for-stm32.11.3.rel1.linux64_1.1.100.202309141235/tools/bin/../lib/gcc/arm-none-eabi/11.3.1/../../../../arm-none-eabi/lib/thumb/v7e-m+dp/hard/libm.a
LOAD /opt/st/stm32cubeide_1.14.1/plugins/com.st.stm32cube.ide.mcu.externaltools.gnu-tools-for-stm32.11.3.rel1.linux64_1.1.100.202309141235/tools/bin/../lib/gcc/arm-none-eabi/11.3.1/thumb/v7e-m+dp/hard/libgcc.a

.comment        0x0000000000000000       0x43
 .comment       0x0000000000000000       0x43 /opt/st/stm32cubeide_1.14.1/plugins/com.st.stm32cube.ide.mcu.externaltools.gnu-tools-for-stm32.11.3.rel1.linux64_1.1.100.202309141235/tools/bin/../lib/gcc/arm-none-eabi/11.3.1/thumb/v7e-m+dp/hard/crtbegin.o
                                         0x44 (size before relaxing)
 .comment       0x0000000000000043       0x44 ./Core/Src/main.o
 .comment       0x0000000000000043       0x44 ./Core/Src/stm32h7xx_hal_msp.o
 .comment       0x0000000000000043       0x44 ./Core/Src/stm32h7xx_it.o
 .comment       0x0000000000000043       0x44 ./Core/Src/system_stm32h7xx.o
 .comment       0x0000000000000043       0x44 ./Drivers/STM32H7xx_HAL_Driver/Src/stm32h7xx_hal.o
 .comment       0x0000000000000043       0x44 ./Drivers/STM32H7xx_HAL_Driver/Src/stm32h7xx_hal_cortex.o
 .comment       0x0000000000000043       0x44 ./Drivers/STM32H7xx_HAL_Driver/Src/stm32h7xx_hal_gpio.o
 .comment       0x0000000000000043       0x44 ./Drivers/STM32H7xx_HAL_Driver/Src/stm32h7xx_hal_pwr_ex.o
 .comment       0x0000000000000043       0x44 ./Drivers/STM32H7xx_HAL_Driver/Src/stm32h7xx_hal_rcc.o
 .comment       0x0000000000000043       0x44 ./Drivers/STM32H7xx_HAL_Driver/Src/stm32h7xx_hal_rcc_ex.o
 .comment       0x0000000000000043       0x44 ./Drivers/STM32H7xx_HAL_Driver/Src/stm32h7xx_hal_spi.o
 .comment       0x0000000000000043       0x44 ./Drivers/STM32H7xx_HAL_Driver/Src/stm32h7xx_hal_tim.o
 .comment       0x0000000000000043       0x44 ./Drivers/STM32H7xx_HAL_Driver/Src/stm32h7xx_hal_tim_ex.o
 .comment       0x0000000000000043       0x44 ./Drivers/STM32H7xx_HAL_Driver/Src/stm32h7xx_hal_uart.o
 .comment       0x0000000000000043       0x44 ./Drivers/STM32H7xx_HAL_Driver/Src/stm32h7xx_hal_uart_ex.o

.debug_info     0x0000000000000000    0x15c60
 .debug_info    0x0000000000000000     0x223b ./Core/Src/main.o
 .debug_info    0x000000000000223b     0x1988 ./Core/Src/stm32h7xx_hal_msp.o
 .debug_info    0x0000000000003bc3      0x128 ./Core/Src/stm32h7xx_it.o
 .debug_info    0x0000000000003ceb      0xc73 ./Core/Src/system_stm32h7xx.o
 .debug_info    0x000000000000495e       0x23 ./Core/Startup/startup_stm32h7a3vgtx.o
 .debug_info    0x0000000000004981     0x13f1 ./Drivers/STM32H7xx_HAL_Driver/Src/stm32h7xx_hal.o
 .debug_info    0x0000000000005d72     0x108e ./Drivers/STM32H7xx_HAL_Driver/Src/stm32h7xx_hal_cortex.o
 .debug_info    0x0000000000006e00      0xb2b ./Drivers/STM32H7xx_HAL_Driver/Src/stm32h7xx_hal_gpio.o
 .debug_info    0x000000000000792b      0xef7 ./Drivers/STM32H7xx_HAL_Driver/Src/stm32h7xx_hal_pwr_ex.o
 .debug_info    0x0000000000008822      0xea1 ./Drivers/STM32H7xx_HAL_Driver/Src/stm32h7xx_hal_rcc.o
 .debug_info    0x00000000000096c3     0x11fd ./Drivers/STM32H7xx_HAL_Driver/Src/stm32h7xx_hal_rcc_ex.o
 .debug_info    0x000000000000a8c0     0x1440 ./Drivers/STM32H7xx_HAL_Driver/Src/stm32h7xx_hal_spi.o
 .debug_info    0x000000000000bd00     0x2bae ./Drivers/STM32H7xx_HAL_Driver/Src/stm32h7xx_hal_tim.o
 .debug_info    0x000000000000e8ae     0x18c1 ./Drivers/STM32H7xx_HAL_Driver/Src/stm32h7xx_hal_tim_ex.o
 .debug_info    0x000000000001016f     0x4b32 ./Drivers/STM32H7xx_HAL_Driver/Src/stm32h7xx_hal_uart.o
 .debug_info    0x0000000000014ca1      0xfbf ./Drivers/STM32H7xx_HAL_Driver/Src/stm32h7xx_hal_uart_ex.o

.debug_abbrev   0x0000000000000000     0x251a
 .debug_abbrev  0x0000000000000000      0x349 ./Core/Src/main.o
 .debug_abbrev  0x0000000000000349      0x28b ./Core/Src/stm32h7xx_hal_msp.o
 .debug_abbrev  0x00000000000005d4       0x73 ./Core/Src/stm32h7xx_it.o
 .debug_abbrev  0x0000000000000647      0x14a ./Core/Src/system_stm32h7xx.o
 .debug_abbrev  0x0000000000000791       0x12 ./Core/Startup/startup_stm32h7a3vgtx.o
 .debug_abbrev  0x00000000000007a3      0x291 ./Drivers/STM32H7xx_HAL_Driver/Src/stm32h7xx_hal.o
 .debug_abbrev  0x0000000000000a34      0x339 ./Drivers/STM32H7xx_HAL_Driver/Src/stm32h7xx_hal_cortex.o
 .debug_abbrev  0x0000000000000d6d      0x1fa ./Drivers/STM32H7xx_HAL_Driver/Src/stm32h7xx_hal_gpio.o
 .debug_abbrev  0x0000000000000f67      0x297 ./Drivers/STM32H7xx_HAL_Driver/Src/stm32h7xx_hal_pwr_ex.o
 .debug_abbrev  0x00000000000011fe      0x2c5 ./Drivers/STM32H7xx_HAL_Driver/Src/stm32h7xx_hal_rcc.o
 .debug_abbrev  0x00000000000014c3      0x27a ./Drivers/STM32H7xx_HAL_Driver/Src/stm32h7xx_hal_rcc_ex.o
 .debug_abbrev  0x000000000000173d      0x2b1 ./Drivers/STM32H7xx_HAL_Driver/Src/stm32h7xx_hal_spi.o
 .debug_abbrev  0x00000000000019ee      0x276 ./Drivers/STM32H7xx_HAL_Driver/Src/stm32h7xx_hal_tim.o
 .debug_abbrev  0x0000000000001c64      0x296 ./Drivers/STM32H7xx_HAL_Driver/Src/stm32h7xx_hal_tim_ex.o
 .debug_abbrev  0x0000000000001efa      0x34e ./Drivers/STM32H7xx_HAL_Driver/Src/stm32h7xx_hal_uart.o
 .debug_abbrev  0x0000000000002248      0x2d2 ./Drivers/STM32H7xx_HAL_Driver/Src/stm32h7xx_hal_uart_ex.o

.debug_aranges  0x0000000000000000     0x1200
 .debug_aranges
                0x0000000000000000       0xc0 ./Core/Src/main.o
 .debug_aranges
                0x00000000000000c0       0x58 ./Core/Src/stm32h7xx_hal_msp.o
 .debug_aranges
                0x0000000000000118       0x60 ./Core/Src/stm32h7xx_it.o
 .debug_aranges
                0x0000000000000178       0x28 ./Core/Src/system_stm32h7xx.o
 .debug_aranges
                0x00000000000001a0       0x28 ./Core/Startup/startup_stm32h7a3vgtx.o
 .debug_aranges
                0x00000000000001c8      0x1a0 ./Drivers/STM32H7xx_HAL_Driver/Src/stm32h7xx_hal.o
 .debug_aranges
                0x0000000000000368      0x130 ./Drivers/STM32H7xx_HAL_Driver/Src/stm32h7xx_hal_cortex.o
 .debug_aranges
                0x0000000000000498       0x58 ./Drivers/STM32H7xx_HAL_Driver/Src/stm32h7xx_hal_gpio.o
 .debug_aranges
                0x00000000000004f0      0x188 ./Drivers/STM32H7xx_HAL_Driver/Src/stm32h7xx_hal_pwr_ex.o
 .debug_aranges
                0x0000000000000678       0x88 ./Drivers/STM32H7xx_HAL_Driver/Src/stm32h7xx_hal_rcc.o
 .debug_aranges
                0x0000000000000700       0xf0 ./Drivers/STM32H7xx_HAL_Driver/Src/stm32h7xx_hal_rcc_ex.o
 .debug_aranges
                0x00000000000007f0      0x1a8 ./Drivers/STM32H7xx_HAL_Driver/Src/stm32h7xx_hal_spi.o
 .debug_aranges
                0x0000000000000998      0x3e0 ./Drivers/STM32H7xx_HAL_Driver/Src/stm32h7xx_hal_tim.o
 .debug_aranges
                0x0000000000000d78      0x198 ./Drivers/STM32H7xx_HAL_Driver/Src/stm32h7xx_hal_tim_ex.o
 .debug_aranges
                0x0000000000000f10      0x248 ./Drivers/STM32H7xx_HAL_Driver/Src/stm32h7xx_hal_uart.o
 .debug_aranges
                0x0000000000001158       0xa8 ./Drivers/STM32H7xx_HAL_Driver/Src/stm32h7xx_hal_uart_ex.o

.debug_rnglists
                0x0000000000000000      0xe21
 .debug_rnglists
                0x0000000000000000       0x96 ./Core/Src/main.o
 .debug_rnglists
                0x0000000000000096       0x40 ./Core/Src/stm32h7xx_hal_msp.o
 .debug_rnglists
                0x00000000000000d6       0x43 ./Core/Src/stm32h7xx_it.o
 .debug_rnglists
                0x0000000000000119       0x1b ./Core/Src/system_stm32h7xx.o
 .debug_rnglists
                0x0000000000000134       0x19 ./Core/Startup/startup_stm32h7a3vgtx.o
 .debug_rnglists
                0x000000000000014d      0x137 ./Drivers/STM32H7xx_HAL_Driver/Src/stm32h7xx_hal.o
 .debug_rnglists
                0x0000000000000284       0xe0 ./Drivers/STM32H7xx_HAL_Driver/Src/stm32h7xx_hal_cortex.o
 .debug_rnglists
                0x0000000000000364       0x3f ./Drivers/STM32H7xx_HAL_Driver/Src/stm32h7xx_hal_gpio.o
 .debug_rnglists
                0x00000000000003a3      0x126 ./Drivers/STM32H7xx_HAL_Driver/Src/stm32h7xx_hal_pwr_ex.o
 .debug_rnglists
                0x00000000000004c9       0x68 ./Drivers/STM32H7xx_HAL_Driver/Src/stm32h7xx_hal_rcc.o
 .debug_rnglists
                0x0000000000000531       0xba ./Drivers/STM32H7xx_HAL_Driver/Src/stm32h7xx_hal_rcc_ex.o
 .debug_rnglists
                0x00000000000005eb      0x148 ./Drivers/STM32H7xx_HAL_Driver/Src/stm32h7xx_hal_spi.o
 .debug_rnglists
                0x0000000000000733      0x328 ./Drivers/STM32H7xx_HAL_Driver/Src/stm32h7xx_hal_tim.o
 .debug_rnglists
                0x0000000000000a5b      0x14d ./Drivers/STM32H7xx_HAL_Driver/Src/stm32h7xx_hal_tim_ex.o
 .debug_rnglists
                0x0000000000000ba8      0x1fa ./Drivers/STM32H7xx_HAL_Driver/Src/stm32h7xx_hal_uart.o
 .debug_rnglists
                0x0000000000000da2       0x7f ./Drivers/STM32H7xx_HAL_Driver/Src/stm32h7xx_hal_uart_ex.o

.debug_macro    0x0000000000000000    0x30f12
 .debug_macro   0x0000000000000000      0x304 ./Core/Src/main.o
 .debug_macro   0x0000000000000304      0xac0 ./Core/Src/main.o
 .debug_macro   0x0000000000000dc4      0x23e ./Core/Src/main.o
 .debug_macro   0x0000000000001002       0x2e ./Core/Src/main.o
 .debug_macro   0x0000000000001030       0x3b ./Core/Src/main.o
 .debug_macro   0x000000000000106b       0x22 ./Core/Src/main.o
 .debug_macro   0x000000000000108d       0x8e ./Core/Src/main.o
 .debug_macro   0x000000000000111b       0x51 ./Core/Src/main.o
 .debug_macro   0x000000000000116c      0x103 ./Core/Src/main.o
 .debug_macro   0x000000000000126f       0x6a ./Core/Src/main.o
 .debug_macro   0x00000000000012d9      0x1df ./Core/Src/main.o
 .debug_macro   0x00000000000014b8       0x1c ./Core/Src/main.o
 .debug_macro   0x00000000000014d4       0x22 ./Core/Src/main.o
 .debug_macro   0x00000000000014f6       0xfb ./Core/Src/main.o
 .debug_macro   0x00000000000015f1     0x1305 ./Core/Src/main.o
 .debug_macro   0x00000000000028f6      0x11f ./Core/Src/main.o
 .debug_macro   0x0000000000002a15       0x27 ./Core/Src/main.o
 .debug_macro   0x0000000000002a3c    0x1e8e8 ./Core/Src/main.o
 .debug_macro   0x0000000000021324       0x6d ./Core/Src/main.o
 .debug_macro   0x0000000000021391     0x3d80 ./Core/Src/main.o
 .debug_macro   0x0000000000025111      0x174 ./Core/Src/main.o
 .debug_macro   0x0000000000025285       0x61 ./Core/Src/main.o
 .debug_macro   0x00000000000252e6       0x29 ./Core/Src/main.o
 .debug_macro   0x000000000002530f       0x43 ./Core/Src/main.o
 .debug_macro   0x0000000000025352       0x34 ./Core/Src/main.o
 .debug_macro   0x0000000000025386       0x16 ./Core/Src/main.o
 .debug_macro   0x000000000002539c       0x43 ./Core/Src/main.o
 .debug_macro   0x00000000000253df       0x34 ./Core/Src/main.o
 .debug_macro   0x0000000000025413       0x10 ./Core/Src/main.o
 .debug_macro   0x0000000000025423       0x58 ./Core/Src/main.o
 .debug_macro   0x000000000002547b       0x8e ./Core/Src/main.o
 .debug_macro   0x0000000000025509       0x1c ./Core/Src/main.o
 .debug_macro   0x0000000000025525      0x177 ./Core/Src/main.o
 .debug_macro   0x000000000002569c      0x369 ./Core/Src/main.o
 .debug_macro   0x0000000000025a05      0x19b ./Core/Src/main.o
 .debug_macro   0x0000000000025ba0       0x5d ./Core/Src/main.o
 .debug_macro   0x0000000000025bfd     0x24ee ./Core/Src/main.o
 .debug_macro   0x00000000000280eb     0x103a ./Core/Src/main.o
 .debug_macro   0x0000000000029125      0x154 ./Core/Src/main.o
 .debug_macro   0x0000000000029279      0x114 ./Core/Src/main.o
 .debug_macro   0x000000000002938d      0x3d5 ./Core/Src/main.o
 .debug_macro   0x0000000000029762       0xac ./Core/Src/main.o
 .debug_macro   0x000000000002980e      0x70a ./Core/Src/main.o
 .debug_macro   0x0000000000029f18      0x20c ./Core/Src/main.o
 .debug_macro   0x000000000002a124       0x66 ./Core/Src/main.o
 .debug_macro   0x000000000002a18a      0x3c9 ./Core/Src/main.o
 .debug_macro   0x000000000002a553      0x3eb ./Core/Src/main.o
 .debug_macro   0x000000000002a93e      0x275 ./Core/Src/main.o
 .debug_macro   0x000000000002abb3      0x6c8 ./Core/Src/main.o
 .debug_macro   0x000000000002b27b      0x520 ./Core/Src/main.o
 .debug_macro   0x000000000002b79b       0x58 ./Core/Src/main.o
 .debug_macro   0x000000000002b7f3       0x4a ./Core/Src/main.o
 .debug_macro   0x000000000002b83d      0x22c ./Core/Src/main.o
 .debug_macro   0x000000000002ba69       0x67 ./Core/Src/main.o
 .debug_macro   0x000000000002bad0       0xa5 ./Core/Src/main.o
 .debug_macro   0x000000000002bb75      0x1bd ./Core/Src/main.o
 .debug_macro   0x000000000002bd32      0x2ab ./Core/Src/main.o
 .debug_macro   0x000000000002bfdd       0x35 ./Core/Src/main.o
 .debug_macro   0x000000000002c012      0x5e4 ./Core/Src/main.o
 .debug_macro   0x000000000002c5f6       0xc1 ./Core/Src/main.o
 .debug_macro   0x000000000002c6b7      0xb24 ./Core/Src/main.o
 .debug_macro   0x000000000002d1db      0x29f ./Core/Src/main.o
 .debug_macro   0x000000000002d47a      0x693 ./Core/Src/main.o
 .debug_macro   0x000000000002db0d       0xa6 ./Core/Src/main.o
 .debug_macro   0x000000000002dbb3      0x5be ./Core/Src/main.o
 .debug_macro   0x000000000002e171       0x1c ./Core/Src/main.o
 .debug_macro   0x000000000002e18d      0x5cf ./Core/Src/main.o
 .debug_macro   0x000000000002e75c      0x2d1 ./Core/Src/stm32h7xx_hal_msp.o
 .debug_macro   0x000000000002ea2d      0x2db ./Core/Src/stm32h7xx_it.o
 .debug_macro   0x000000000002ed08      0x2c2 ./Core/Src/system_stm32h7xx.o
 .debug_macro   0x000000000002efca      0x2ec ./Drivers/STM32H7xx_HAL_Driver/Src/stm32h7xx_hal.o
 .debug_macro   0x000000000002f2b6      0x2c2 ./Drivers/STM32H7xx_HAL_Driver/Src/stm32h7xx_hal_cortex.o
 .debug_macro   0x000000000002f578      0x2c9 ./Drivers/STM32H7xx_HAL_Driver/Src/stm32h7xx_hal_gpio.o
 .debug_macro   0x000000000002f841      0x2fb ./Drivers/STM32H7xx_HAL_Driver/Src/stm32h7xx_hal_pwr_ex.o
 .debug_macro   0x000000000002fb3c      0x2e6 ./Drivers/STM32H7xx_HAL_Driver/Src/stm32h7xx_hal_rcc.o
 .debug_macro   0x000000000002fe22      0x2e0 ./Drivers/STM32H7xx_HAL_Driver/Src/stm32h7xx_hal_rcc_ex.o
 .debug_macro   0x0000000000030102      0x2ca ./Drivers/STM32H7xx_HAL_Driver/Src/stm32h7xx_hal_spi.o
 .debug_macro   0x00000000000303cc      0x2c3 ./Drivers/STM32H7xx_HAL_Driver/Src/stm32h7xx_hal_tim.o
 .debug_macro   0x000000000003068f      0x2c8 ./Drivers/STM32H7xx_HAL_Driver/Src/stm32h7xx_hal_tim_ex.o
 .debug_macro   0x0000000000030957      0x2ed ./Drivers/STM32H7xx_HAL_Driver/Src/stm32h7xx_hal_uart.o
 .debug_macro   0x0000000000030c44      0x2ce ./Drivers/STM32H7xx_HAL_Driver/Src/stm32h7xx_hal_uart_ex.o

.debug_line     0x0000000000000000    0x161a4
 .debug_line    0x0000000000000000      0xf08 ./Core/Src/main.o
 .debug_line    0x0000000000000f08      0x9e9 ./Core/Src/stm32h7xx_hal_msp.o
 .debug_line    0x00000000000018f1      0x90d ./Core/Src/stm32h7xx_it.o
 .debug_line    0x00000000000021fe      0x9ef ./Core/Src/system_stm32h7xx.o
 .debug_line    0x0000000000002bed       0x7a ./Core/Startup/startup_stm32h7a3vgtx.o
 .debug_line    0x0000000000002c67      0xe02 ./Drivers/STM32H7xx_HAL_Driver/Src/stm32h7xx_hal.o
 .debug_line    0x0000000000003a69      0xe2c ./Drivers/STM32H7xx_HAL_Driver/Src/stm32h7xx_hal_cortex.o
 .debug_line    0x0000000000004895      0xcbb ./Drivers/STM32H7xx_HAL_Driver/Src/stm32h7xx_hal_gpio.o
 .debug_line    0x0000000000005550      0xf67 ./Drivers/STM32H7xx_HAL_Driver/Src/stm32h7xx_hal_pwr_ex.o
 .debug_line    0x00000000000064b7     0x1353 ./Drivers/STM32H7xx_HAL_Driver/Src/stm32h7xx_hal_rcc.o
 .debug_line    0x000000000000780a     0x1bd1 ./Drivers/STM32H7xx_HAL_Driver/Src/stm32h7xx_hal_rcc_ex.o
 .debug_line    0x00000000000093db     0x227f ./Drivers/STM32H7xx_HAL_Driver/Src/stm32h7xx_hal_spi.o
 .debug_line    0x000000000000b65a     0x3f6d ./Drivers/STM32H7xx_HAL_Driver/Src/stm32h7xx_hal_tim.o
 .debug_line    0x000000000000f5c7     0x1e8b ./Drivers/STM32H7xx_HAL_Driver/Src/stm32h7xx_hal_tim_ex.o
 .debug_line    0x0000000000011452     0x3ebc ./Drivers/STM32H7xx_HAL_Driver/Src/stm32h7xx_hal_uart.o
 .debug_line    0x000000000001530e      0xe96 ./Drivers/STM32H7xx_HAL_Driver/Src/stm32h7xx_hal_uart_ex.o

.debug_str      0x0000000000000000   0x145506
 .debug_str     0x0000000000000000   0x1407fe ./Core/Src/main.o
                                     0x140f6b (size before relaxing)
 .debug_str     0x00000000001407fe       0xc3 ./Core/Src/stm32h7xx_hal_msp.o
                                     0x13d9cb (size before relaxing)
 .debug_str     0x00000000001408c1       0xc9 ./Core/Src/stm32h7xx_it.o
                                     0x13c814 (size before relaxing)
 .debug_str     0x000000000014098a      0x30e ./Core/Src/system_stm32h7xx.o
                                     0x13cc8c (size before relaxing)
 .debug_str     0x0000000000140c98       0x34 ./Core/Startup/startup_stm32h7a3vgtx.o
                                         0x6b (size before relaxing)
 .debug_str     0x0000000000140ccc      0xece ./Drivers/STM32H7xx_HAL_Driver/Src/stm32h7xx_hal.o
                                     0x13db60 (size before relaxing)
 .debug_str     0x0000000000141b9a      0x38b ./Drivers/STM32H7xx_HAL_Driver/Src/stm32h7xx_hal_cortex.o
                                     0x13d5a8 (size before relaxing)
 .debug_str     0x0000000000141f25       0xdb ./Drivers/STM32H7xx_HAL_Driver/Src/stm32h7xx_hal_gpio.o
                                     0x13cc3d (size before relaxing)
 .debug_str     0x0000000000142000      0x756 ./Drivers/STM32H7xx_HAL_Driver/Src/stm32h7xx_hal_pwr_ex.o
                                     0x13d1c2 (size before relaxing)
 .debug_str     0x0000000000142756      0x22e ./Drivers/STM32H7xx_HAL_Driver/Src/stm32h7xx_hal_rcc.o
                                     0x13d065 (size before relaxing)
 .debug_str     0x0000000000142984      0x623 ./Drivers/STM32H7xx_HAL_Driver/Src/stm32h7xx_hal_rcc_ex.o
                                     0x13d4fa (size before relaxing)
 .debug_str     0x0000000000142fa7      0x55a ./Drivers/STM32H7xx_HAL_Driver/Src/stm32h7xx_hal_spi.o
                                     0x13d357 (size before relaxing)
 .debug_str     0x0000000000143501      0xd9e ./Drivers/STM32H7xx_HAL_Driver/Src/stm32h7xx_hal_tim.o
                                     0x13ddd2 (size before relaxing)
 .debug_str     0x000000000014429f      0x5ff ./Drivers/STM32H7xx_HAL_Driver/Src/stm32h7xx_hal_tim_ex.o
                                     0x13d77f (size before relaxing)
 .debug_str     0x000000000014489e      0xa02 ./Drivers/STM32H7xx_HAL_Driver/Src/stm32h7xx_hal_uart.o
                                     0x13db95 (size before relaxing)
 .debug_str     0x00000000001452a0      0x266 ./Drivers/STM32H7xx_HAL_Driver/Src/stm32h7xx_hal_uart_ex.o
                                     0x13d134 (size before relaxing)

.debug_frame    0x0000000000000000     0x4dac
 .debug_frame   0x0000000000000000      0x2e4 ./Core/Src/main.o
 .debug_frame   0x00000000000002e4      0x140 ./Core/Src/stm32h7xx_hal_msp.o
 .debug_frame   0x0000000000000424      0x104 ./Core/Src/stm32h7xx_it.o
 .debug_frame   0x0000000000000528       0x58 ./Core/Src/system_stm32h7xx.o
 .debug_frame   0x0000000000000580      0x6a8 ./Drivers/STM32H7xx_HAL_Driver/Src/stm32h7xx_hal.o
 .debug_frame   0x0000000000000c28      0x508 ./Drivers/STM32H7xx_HAL_Driver/Src/stm32h7xx_hal_cortex.o
 .debug_frame   0x0000000000001130      0x14c ./Drivers/STM32H7xx_HAL_Driver/Src/stm32h7xx_hal_gpio.o
 .debug_frame   0x000000000000127c      0x660 ./Drivers/STM32H7xx_HAL_Driver/Src/stm32h7xx_hal_pwr_ex.o
 .debug_frame   0x00000000000018dc      0x1fc ./Drivers/STM32H7xx_HAL_Driver/Src/stm32h7xx_hal_rcc.o
 .debug_frame   0x0000000000001ad8      0x3ec ./Drivers/STM32H7xx_HAL_Driver/Src/stm32h7xx_hal_rcc_ex.o
 .debug_frame   0x0000000000001ec4      0x7a8 ./Drivers/STM32H7xx_HAL_Driver/Src/stm32h7xx_hal_spi.o
 .debug_frame   0x000000000000266c     0x121c ./Drivers/STM32H7xx_HAL_Driver/Src/stm32h7xx_hal_tim.o
 .debug_frame   0x0000000000003888      0x724 ./Drivers/STM32H7xx_HAL_Driver/Src/stm32h7xx_hal_tim_ex.o
 .debug_frame   0x0000000000003fac      0xa94 ./Drivers/STM32H7xx_HAL_Driver/Src/stm32h7xx_hal_uart.o
 .debug_frame   0x0000000000004a40      0x2c0 ./Drivers/STM32H7xx_HAL_Driver/Src/stm32h7xx_hal_uart_ex.o
 .debug_frame   0x0000000000004d00       0x20 /opt/st/stm32cubeide_1.14.1/plugins/com.st.stm32cube.ide.mcu.externaltools.gnu-tools-for-stm32.11.3.rel1.linux64_1.1.100.202309141235/tools/bin/../lib/gcc/arm-none-eabi/11.3.1/../../../../arm-none-eabi/lib/thumb/v7e-m+dp/hard/libc_nano.a(libc_a-memset.o)
 .debug_frame   0x0000000000004d20       0x2c /opt/st/stm32cubeide_1.14.1/plugins/com.st.stm32cube.ide.mcu.externaltools.gnu-tools-for-stm32.11.3.rel1.linux64_1.1.100.202309141235/tools/bin/../lib/gcc/arm-none-eabi/11.3.1/../../../../arm-none-eabi/lib/thumb/v7e-m+dp/hard/libc_nano.a(libc_a-init.o)
 .debug_frame   0x0000000000004d4c       0x2c /opt/st/stm32cubeide_1.14.1/plugins/com.st.stm32cube.ide.mcu.externaltools.gnu-tools-for-stm32.11.3.rel1.linux64_1.1.100.202309141235/tools/bin/../lib/gcc/arm-none-eabi/11.3.1/thumb/v7e-m+dp/hard/libgcc.a(_aeabi_uldivmod.o)
 .debug_frame   0x0000000000004d78       0x34 /opt/st/stm32cubeide_1.14.1/plugins/com.st.stm32cube.ide.mcu.externaltools.gnu-tools-for-stm32.11.3.rel1.linux64_1.1.100.202309141235/tools/bin/../lib/gcc/arm-none-eabi/11.3.1/thumb/v7e-m+dp/hard/libgcc.a(_udivmoddi4.o)

.debug_line_str
                0x0000000000000000       0x5f
 .debug_line_str
                0x0000000000000000       0x5f ./Core/Startup/startup_stm32h7a3vgtx.o
                                         0x77 (size before relaxing)
