../Drivers/STM32H7xx_HAL_Driver/Inc/stm32h7xx_ll_spi.h:555:22:LL_SPI_Enable	16	static
../Drivers/STM32H7xx_HAL_Driver/Inc/stm32h7xx_ll_spi.h:997:22:LL_SPI_StartMasterTransfer	16	static
../Drivers/STM32H7xx_HAL_Driver/Inc/stm32h7xx_ll_spi.h:1698:26:LL_SPI_IsActiveFlag_RXP	16	static
../Drivers/STM32H7xx_HAL_Driver/Inc/stm32h7xx_ll_spi.h:1709:26:LL_SPI_IsActiveFlag_TXP	16	static
../Drivers/STM32H7xx_HAL_Driver/Inc/stm32h7xx_ll_spi.h:1878:22:LL_SPI_ClearFlag_EOT	16	static
../Drivers/STM32H7xx_HAL_Driver/Inc/stm32h7xx_ll_spi.h:2450:25:LL_SPI_ReceiveData8	16	static
../Core/Src/main.c:111:5:main	8	static
../Core/Src/main.c:281:6:SystemClock_Config	120	static
../Core/Src/main.c:343:6:PeriphCommonClock_Config	200	static
../Core/Src/main.c:371:13:MX_SPI1_Init	8	static
../Core/Src/main.c:419:13:MX_SPI2_Init	8	static
../Core/Src/main.c:467:13:MX_SPI3_Init	8	static
../Core/Src/main.c:515:13:MX_TIM3_Init	64	static
../Core/Src/main.c:574:13:MX_UART4_Init	8	static
../Core/Src/main.c:622:13:MX_GPIO_Init	48	static
../Core/Src/main.c:692:6:init_ad7768	8	static
../Core/Src/main.c:706:6:SPI_rxtx	40	static
../Core/Src/main.c:739:6:SPI_ll_init	8	static
../Core/Src/main.c:748:6:SPI_TxRx1	32	static
../Core/Src/main.c:795:6:spi_tx_rx	32	static
../Core/Src/main.c:875:6:Error_Handler	64	static,ignoring_inline_asm
